// Jest Snapshot v1, https://goo.gl/fbAQLP

exports[`AboutView Validaci√≥n de match con el snapshot 1`] = `
<div>
  <h1>AboutView</h1>
</div>
`;
